// Jest Snapshot v1, https://goo.gl/fbAQLP

exports[`Login component Component Snapshot should match stored snapshot 1`] = `ShallowWrapper {}`;
