// Jest Snapshot v1, https://goo.gl/fbAQLP

exports[`Register component Component Snapshot should match stored snapshot 1`] = `ShallowWrapper {}`;
